C51 COMPILER V9.60.7.0   DELAY                                                             04/18/2026 15:28:01 PAGE 1   


C51 COMPILER V9.60.7.0, COMPILATION OF MODULE DELAY
OBJECT MODULE PLACED IN .\Objects\Delay.obj
COMPILER INVOKED BY: D:\keil\C51\BIN\C51.EXE Delay.c OPTIMIZE(8,SPEED) BROWSE INCDIR(.\bsp) DEBUG OBJECTEXTEND PRINT(.\L
                    -istings\Delay.lst) TABS(2) OBJECT(.\Objects\Delay.obj)

line level    source

   1          #include "STC8G.h"
   2          
   3          /**
   4           * @brief 毫秒延时函数
   5           * @note 适用于11.0592MHz系统时钟，软件循环实现
   6           */
   7          void Delay_ms(unsigned int xms) {
   8   1          unsigned char data i, j;
   9   1          while (xms) {
  10   2              i = 15;
  11   2              j = 90;
  12   2              do {
  13   3                  while (--j);
  14   3              } while (--i);
  15   2              xms--;
  16   2          }
  17   1      }
  18          
  19          /**
  20           * @brief 微秒延时函数
  21           * @note 用于DHT11等短时序操作
  22           */
  23          void Delay_us(unsigned int xus) {
  24   1          unsigned char data i;
  25   1          while (xus) {
  26   2              _nop_();
  27   2              _nop_();
  28   2              i = 1;
  29   2              while (--i);
  30   2              xus--;
  31   2          }
  32   1      }
  33          
  34          


MODULE INFORMATION:   STATIC OVERLAYABLE
   CODE SIZE        =     38    ----
   CONSTANT SIZE    =   ----    ----
   XDATA SIZE       =   ----    ----
   PDATA SIZE       =   ----    ----
   DATA SIZE        =   ----    ----
   IDATA SIZE       =   ----    ----
   BIT SIZE         =   ----    ----
END OF MODULE INFORMATION.


C51 COMPILATION COMPLETE.  0 WARNING(S),  0 ERROR(S)
