BL51 BANKED LINKER/LOCATER V6.22.4.0                                                    04/18/2026  15:28:01  PAGE 1


BL51 BANKED LINKER/LOCATER V6.22.4.0, INVOKED BY:
D:\KEIL\C51\BIN\BL51.EXE .\Objects\STARTUP.obj, .\Objects\main.obj, .\Objects\Delay.obj, .\Objects\uart.obj TO .\Objects
>> \demo_onenet PRINT (.\Listings\demo_onenet.m51) RAMSIZE (256)


MEMORY MODEL: SMALL


INPUT MODULES INCLUDED:
  .\Objects\STARTUP.obj (?C_STARTUP)
  .\Objects\main.obj (MAIN)
  .\Objects\Delay.obj (DELAY)
  .\Objects\uart.obj (UART)
  D:\KEIL\C51\LIB\C51S.LIB (?C_INIT)
  D:\KEIL\C51\LIB\C51S.LIB (?C?CLDPTR)
  D:\KEIL\C51\LIB\C51S.LIB (?C?CSTOPTR)
  D:\KEIL\C51\LIB\C51S.LIB (?C?SIDIV)
  D:\KEIL\C51\LIB\C51S.LIB (STRSTR)
  D:\KEIL\C51\LIB\C51S.LIB (?C?UIDIV)


LINK MAP OF MODULE:  .\Objects\demo_onenet (?C_STARTUP)


            TYPE    BASE      LENGTH    RELOCATION   SEGMENT NAME
            -----------------------------------------------------

            * * * * * * *   D A T A   M E M O R Y   * * * * * * *
            REG     0000H     0008H     ABSOLUTE     "REG BANK 0"
            DATA    0008H     003DH     UNIT         _DATA_GROUP_
            DATA    0045H     000EH     UNIT         ?DT?MAIN
            DATA    0053H     0003H     UNIT         ?DT?UART
            IDATA   0056H     0001H     UNIT         ?STACK

            * * * * * * *  X D A T A   M E M O R Y  * * * * * * *
            XDATA   0000H     00A0H     UNIT         _XDATA_GROUP_
            XDATA   00A0H     0080H     UNIT         ?XD?UART

            * * * * * * *   C O D E   M E M O R Y   * * * * * * *
            CODE    0000H     0003H     ABSOLUTE     
            CODE    0003H     0004H     UNIT         ?PR?WDT_INIT?MAIN
            CODE    0007H     0004H     UNIT         ?PR?WDT_FEED?MAIN
            CODE    000BH     0003H     ABSOLUTE     
            CODE    000EH     0014H     UNIT         ?PR?_DELAY_MS?DELAY
                    0022H     0001H                  *** GAP ***
            CODE    0023H     0003H     ABSOLUTE     
            CODE    0026H     08C5H     UNIT         ?PR?_ESP8266_PUBLISHMESSAGE?UART
            CODE    08EBH     0337H     UNIT         ?PR?ESP8266_SUBSCRIBESETTOPIC?UART
            CODE    0C22H     0241H     UNIT         ?PR?_BUILDMQTTCONFIGCMD?UART
            CODE    0E63H     0154H     UNIT         ?PR?_BUILDMQTTCONNCMD?UART
            CODE    0FB7H     012CH     UNIT         ?PR?_BUILDWIFICMD?UART
            CODE    10E3H     010EH     UNIT         ?PR?ESP8266_INIT?UART
            CODE    11F1H     00F3H     UNIT         ?PR?MAIN?MAIN
            CODE    12E4H     00C6H     UNIT         ?C?LIB_CODE
            CODE    13AAH     00A0H     UNIT         ?PR?_INTTOSTRING?UART
            CODE    144AH     0096H     UNIT         ?CO?UART
            CODE    14E0H     008CH     UNIT         ?C_C51STARTUP
            CODE    156CH     0082H     UNIT         ?PR?_STRSTR?STRSTR
BL51 BANKED LINKER/LOCATER V6.22.4.0                                                  04/18/2026  15:28:01  PAGE 2


            CODE    15EEH     007DH     UNIT         ?PR?UART1_ROUTINE?UART
            CODE    166BH     0057H     UNIT         ?PR?_ESP8266_WAITRESPONSE?UART
            CODE    16C2H     0036H     UNIT         ?PR?_SHOWERROR?MAIN
            CODE    16F8H     0034H     UNIT         ?CO?MAIN
            CODE    172CH     0030H     UNIT         ?PR?_UART_SENDSTRING?UART
            CODE    175CH     002DH     UNIT         ?PR?TIMER0_ISR?MAIN
            CODE    1789H     002BH     UNIT         ?PR?_PARSE_COMMAND?UART
            CODE    17B4H     0029H     UNIT         ?PR?_UART_SENDBYTE?UART
            CODE    17DDH     0021H     UNIT         ?C_INITSEG
            CODE    17FEH     001AH     UNIT         ?PR?UART_INIT?UART
            CODE    1818H     0012H     UNIT         ?PR?_DELAY_US?DELAY
            CODE    182AH     0011H     UNIT         ?PR?TIMER0_INIT?MAIN
            CODE    183BH     0010H     UNIT         ?PR?_ESP8266_SENDCMD?UART



OVERLAY MAP OF MODULE:   .\Objects\demo_onenet (?C_STARTUP)


SEGMENT                                      DATA_GROUP          XDATA_GROUP
  +--> CALLED SEGMENT                      START    LENGTH     START    LENGTH
------------------------------------------------------------------------------
?C_C51STARTUP                              -----    -----      -----    -----
  +--> ?PR?MAIN?MAIN
  +--> ?C_INITSEG

?PR?MAIN?MAIN                              0008H    0001H      -----    -----
  +--> ?PR?UART_INIT?UART
  +--> ?PR?TIMER0_INIT?MAIN
  +--> ?PR?WDT_INIT?MAIN
  +--> ?CO?MAIN
  +--> ?PR?ESP8266_INIT?UART
  +--> ?PR?_DELAY_MS?DELAY
  +--> ?PR?_SHOWERROR?MAIN
  +--> ?PR?ESP8266_SUBSCRIBESETTOPIC?UART
  +--> ?PR?_ESP8266_PUBLISHMESSAGE?UART
  +--> ?PR?WDT_FEED?MAIN

?PR?ESP8266_INIT?UART                      0009H    0001H      0000H    0080H
  +--> ?CO?UART
  +--> ?PR?_UART_SENDSTRING?UART
  +--> ?PR?_DELAY_MS?DELAY
  +--> ?PR?_ESP8266_SENDCMD?UART
  +--> ?PR?_BUILDWIFICMD?UART
  +--> ?PR?_ESP8266_WAITRESPONSE?UART
  +--> ?PR?_BUILDMQTTCONFIGCMD?UART
  +--> ?PR?_BUILDMQTTCONNCMD?UART

?PR?_UART_SENDSTRING?UART                  002AH    0003H      -----    -----
  +--> ?PR?_UART_SENDBYTE?UART
  +--> ?PR?_DELAY_US?DELAY

?PR?_ESP8266_SENDCMD?UART                  000FH    0008H      -----    -----
  +--> ?PR?_UART_SENDSTRING?UART
  +--> ?PR?_ESP8266_WAITRESPONSE?UART

?PR?_ESP8266_WAITRESPONSE?UART             0017H    0007H      -----    -----
BL51 BANKED LINKER/LOCATER V6.22.4.0                                                  04/18/2026  15:28:01  PAGE 3


  +--> ?CO?UART
  +--> ?PR?_STRSTR?STRSTR
  +--> ?PR?_DELAY_MS?DELAY

?PR?_STRSTR?STRSTR                         0039H    000CH      -----    -----

?PR?_BUILDWIFICMD?UART                     000AH    0009H      -----    -----
  +--> ?CO?UART

?PR?_BUILDMQTTCONFIGCMD?UART               000AH    000CH      -----    -----
  +--> ?CO?UART

?PR?_BUILDMQTTCONNCMD?UART                 000AH    0006H      -----    -----
  +--> ?CO?UART

?PR?_SHOWERROR?MAIN                        0009H    0001H      -----    -----
  +--> ?CO?MAIN

?PR?ESP8266_SUBSCRIBESETTOPIC?UART         0009H    0006H      0000H    0080H
  +--> ?CO?UART
  +--> ?PR?_ESP8266_SENDCMD?UART

?PR?_ESP8266_PUBLISHMESSAGE?UART           0009H    0021H      0000H    00A0H
  +--> ?CO?UART
  +--> ?PR?_INTTOSTRING?UART
  +--> ?PR?_UART_SENDSTRING?UART

?PR?_INTTOSTRING?UART                      002AH    000FH      -----    -----

*** NEW ROOT ***************************************************

?PR?TIMER0_ISR?MAIN                        -----    -----      -----    -----
  +--> ?PR?WDT_FEED?MAIN

*** NEW ROOT ***************************************************

?PR?UART1_ROUTINE?UART                     -----    -----      -----    -----
  +--> ?PR?_PARSE_COMMAND?UART

?PR?_PARSE_COMMAND?UART                    -----    -----      -----    -----
  +--> ?CO?UART
  +--> ?PR?_STRSTR?STRSTR



UNRESOLVED EXTERNAL SYMBOLS:
   ?_OLED_SHOWINTWITHDECIMAL?BYTE
   OLED_CLEAR
   OLED_INIT
   _DHT11_READ
   _OLED_SHOWINTWITHDECIMAL
   _OLED_SHOWSTRING



SYMBOL TABLE OF MODULE:  .\Objects\demo_onenet (?C_STARTUP)

BL51 BANKED LINKER/LOCATER V6.22.4.0                                                  04/18/2026  15:28:01  PAGE 4


  VALUE           TYPE          NAME
  ----------------------------------

  -------         MODULE        ?C_STARTUP
  C:14E0H         SEGMENT       ?C_C51STARTUP
  I:0056H         SEGMENT       ?STACK
  C:0000H         PUBLIC        ?C_STARTUP
  D:00E0H         SYMBOL        ACC
  D:00F0H         SYMBOL        B
  D:0083H         SYMBOL        DPH
  D:0082H         SYMBOL        DPL
  N:0000H         SYMBOL        IBPSTACK
  N:0100H         SYMBOL        IBPSTACKTOP
  N:0080H         SYMBOL        IDATALEN
  C:14E3H         SYMBOL        IDATALOOP
  N:0000H         SYMBOL        PBPSTACK
  N:0100H         SYMBOL        PBPSTACKTOP
  N:0000H         SYMBOL        PDATALEN
  N:0000H         SYMBOL        PDATASTART
  N:0000H         SYMBOL        PPAGE
  N:0000H         SYMBOL        PPAGEENABLE
  D:00A0H         SYMBOL        PPAGE_SFR
  D:0081H         SYMBOL        SP
  C:14E0H         SYMBOL        STARTUP1
  N:0000H         SYMBOL        XBPSTACK
  N:0000H         SYMBOL        XBPSTACKTOP
  N:0000H         SYMBOL        XDATALEN
  N:0000H         SYMBOL        XDATASTART
  C:0000H         LINE#         126
  C:14E0H         LINE#         133
  C:14E2H         LINE#         134
  C:14E3H         LINE#         135
  C:14E4H         LINE#         136
  C:14E6H         LINE#         185
  C:14E9H         LINE#         196
  -------         ENDMOD        ?C_STARTUP

  -------         MODULE        MAIN
  C:0000H         SYMBOL        _ICE_DUMMY_
  D:0046H         PUBLIC        g_system_error
  D:0080H         PUBLIC        P0
  D:00B2H         PUBLIC        P3M0
  D:0090H         PUBLIC        P1
  D:00B1H         PUBLIC        P3M1
  D:00A0H         PUBLIC        P2
  D:00CAH         PUBLIC        P5M0
  D:00B0H         PUBLIC        P3
  C:175CH         PUBLIC        Timer0_ISR
  D:00C9H         PUBLIC        P5M1
  D:00C0H         PUBLIC        P4
  D:00C8H         PUBLIC        P5
  D:00E8H         PUBLIC        P6
  B:00A8H.7       PUBLIC        EA
  D:00F8H         PUBLIC        P7
  D:00A8H         PUBLIC        IE
  D:00B8H         PUBLIC        IP
  D:00D8H         PUBLIC        CCON
BL51 BANKED LINKER/LOCATER V6.22.4.0                                                  04/18/2026  15:28:01  PAGE 5


  C:11F1H         PUBLIC        main
  C:182AH         PUBLIC        Timer0_Init
  D:0047H         PUBLIC        g_data_updated
  C:16C2H         SYMBOL        _ShowError
  D:0098H         PUBLIC        SCON
  D:0089H         PUBLIC        TMOD
  D:0088H         PUBLIC        TCON
  D:0048H         SYMBOL        wdt_counter
  B:00B0H.3       PUBLIC        P33
  D:0049H         PUBLIC        g_temp_x10
  D:004BH         PUBLIC        dht_data
  D:00F0H         PUBLIC        B
  C:0007H         PUBLIC        WDT_Feed
  D:00E0H         PUBLIC        ACC
  B:00A8H.1       PUBLIC        ET0
  D:008CH         PUBLIC        TH0
  D:0050H         PUBLIC        g_hum_x10
  D:008AH         PUBLIC        TL0
  B:0088H.4       PUBLIC        TR0
  D:00C1H         PUBLIC        WDT_CONTR
  D:0052H         PUBLIC        g_dht11_ready
  C:0003H         PUBLIC        WDT_Init
  D:00D0H         PUBLIC        PSW
  -------         PROC          TIMER0_INIT
  C:182AH         LINE#         33
  C:182AH         LINE#         34
  C:182DH         LINE#         35
  C:1830H         LINE#         36
  C:1833H         LINE#         37
  C:1836H         LINE#         38
  C:1838H         LINE#         39
  C:183AH         LINE#         40
  -------         ENDPROC       TIMER0_INIT
  -------         PROC          WDT_INIT
  C:0003H         LINE#         46
  C:0003H         LINE#         47
  C:0006H         LINE#         48
  -------         ENDPROC       WDT_INIT
  -------         PROC          WDT_FEED
  C:0007H         LINE#         53
  C:0007H         LINE#         54
  C:000AH         LINE#         55
  -------         ENDPROC       WDT_FEED
  -------         PROC          _SHOWERROR
  D:0009H         SYMBOL        error_code
  C:16C2H         LINE#         60
  C:16C4H         LINE#         61
  C:16C7H         LINE#         62
  C:16D3H         LINE#         63
  C:16D8H         LINE#         64
  C:16E5H         LINE#         65
  C:16E5H         LINE#         66
  C:16EAH         LINE#         67
  C:16F7H         LINE#         68
  C:16F7H         LINE#         69
  -------         ENDPROC       _SHOWERROR
  -------         PROC          MAIN
BL51 BANKED LINKER/LOCATER V6.22.4.0                                                  04/18/2026  15:28:01  PAGE 6


  -------         DO            
  D:0008H         SYMBOL        wifi_retry
  -------         ENDDO         
  C:11F1H         LINE#         74
  C:11F1H         LINE#         75
  C:11F4H         LINE#         79
  C:11F7H         LINE#         80
  C:11FAH         LINE#         82
  C:11FDH         LINE#         83
  C:1200H         LINE#         85
  C:1203H         LINE#         86
  C:1206H         LINE#         88
  C:1209H         LINE#         89
  C:120CH         LINE#         90
  C:120FH         LINE#         91
  C:1212H         LINE#         92
  C:1214H         LINE#         95
  C:1220H         LINE#         98
  C:1223H         LINE#         99
  C:1229H         LINE#         100
  C:1229H         LINE#         101
  C:1229H         LINE#         102
  C:1230H         LINE#         103
  C:1239H         LINE#         105
  C:1240H         LINE#         106
  C:1243H         LINE#         107
  C:1248H         LINE#         109
  C:124AH         LINE#         111
  C:1250H         LINE#         112
  C:1253H         LINE#         113
  C:1253H         LINE#         114
  C:1253H         LINE#         116
  C:1256H         LINE#         117
  C:1262H         LINE#         118
  C:126FH         LINE#         120
  C:126FH         LINE#         122
  C:1275H         LINE#         125
  C:1279H         LINE#         126
  C:127CH         LINE#         128
  C:1287H         LINE#         130
  C:1299H         LINE#         131
  C:12A9H         LINE#         132
  C:12ACH         LINE#         135
  C:12BAH         LINE#         136
  C:12C8H         LINE#         139
  C:12CCH         LINE#         140
  C:12D7H         LINE#         141
  C:12D7H         LINE#         142
  C:12D9H         LINE#         143
  C:12DCH         LINE#         144
  C:12DCH         LINE#         147
  C:12DFH         LINE#         148
  C:12E2H         LINE#         149
  C:12E2H         LINE#         150
  -------         ENDPROC       MAIN
  -------         PROC          TIMER0_ISR
  -------         DO            
BL51 BANKED LINKER/LOCATER V6.22.4.0                                                  04/18/2026  15:28:01  PAGE 7


  D:0045H         SYMBOL        tick_count
  -------         ENDDO         
  C:175CH         LINE#         157
  C:1760H         LINE#         160
  C:1763H         LINE#         161
  C:1766H         LINE#         163
  C:1768H         LINE#         164
  C:176FH         LINE#         165
  C:1772H         LINE#         166
  C:1775H         LINE#         167
  C:1775H         LINE#         170
  C:1777H         LINE#         171
  C:177EH         LINE#         172
  C:1781H         LINE#         173
  C:1784H         LINE#         174
  C:1784H         LINE#         175
  -------         ENDPROC       TIMER0_ISR
  -------         ENDMOD        MAIN

  -------         MODULE        DELAY
  C:0000H         SYMBOL        _ICE_DUMMY_
  D:0080H         PUBLIC        P0
  D:0090H         PUBLIC        P1
  D:00A0H         PUBLIC        P2
  D:00B0H         PUBLIC        P3
  D:00C0H         PUBLIC        P4
  D:00C8H         PUBLIC        P5
  D:00E8H         PUBLIC        P6
  D:00F8H         PUBLIC        P7
  D:00A8H         PUBLIC        IE
  D:00B8H         PUBLIC        IP
  D:00D8H         PUBLIC        CCON
  C:000EH         PUBLIC        _Delay_ms
  D:0098H         PUBLIC        SCON
  D:0088H         PUBLIC        TCON
  C:1818H         PUBLIC        _Delay_us
  D:00F0H         PUBLIC        B
  D:00E0H         PUBLIC        ACC
  D:00D0H         PUBLIC        PSW
  -------         PROC          _DELAY_MS
  D:0006H         SYMBOL        xms
  -------         DO            
  D:0005H         SYMBOL        i
  D:0004H         SYMBOL        j
  -------         ENDDO         
  C:000EH         LINE#         7
  C:000EH         LINE#         9
  C:0012H         LINE#         10
  C:0014H         LINE#         11
  C:0016H         LINE#         12
  C:0016H         LINE#         13
  C:0018H         LINE#         14
  C:001AH         LINE#         15
  C:001FH         LINE#         16
  C:0021H         LINE#         17
  -------         ENDPROC       _DELAY_MS
  -------         PROC          _DELAY_US
BL51 BANKED LINKER/LOCATER V6.22.4.0                                                  04/18/2026  15:28:01  PAGE 8


  D:0006H         SYMBOL        xus
  -------         DO            
  D:0005H         SYMBOL        i
  -------         ENDDO         
  C:1818H         LINE#         23
  C:1818H         LINE#         25
  C:181CH         LINE#         26
  C:181DH         LINE#         27
  C:181EH         LINE#         28
  C:1820H         LINE#         29
  C:1822H         LINE#         30
  C:1827H         LINE#         31
  C:1829H         LINE#         32
  -------         ENDPROC       _DELAY_US
  -------         ENDMOD        DELAY

  -------         MODULE        UART
  C:0000H         SYMBOL        _ICE_DUMMY_
  X:00A0H         SYMBOL        ESP8266_Buffer
  D:0080H         PUBLIC        P0
  D:0090H         PUBLIC        P1
  D:00A0H         PUBLIC        P2
  D:00B0H         PUBLIC        P3
  D:00C0H         PUBLIC        P4
  D:00C8H         PUBLIC        P5
  D:00E8H         PUBLIC        P6
  D:00F8H         PUBLIC        P7
  D:00A2H         PUBLIC        P_SW1
  C:1671H         SYMBOL        _ESP8266_WaitResponse
  D:00A8H         PUBLIC        IE
  B:00A8H.4       PUBLIC        ES
  D:00B8H         PUBLIC        IP
  B:0098H.0       PUBLIC        RI
  B:0098H.1       PUBLIC        TI
  C:1789H         SYMBOL        _Parse_Command
  D:00D8H         PUBLIC        CCON
  C:1732H         PUBLIC        _UART_SendString
  C:0C22H         SYMBOL        _BuildMQTTConfigCmd
  D:0099H         PUBLIC        SBUF
  C:17FEH         PUBLIC        UART_Init
  D:0098H         PUBLIC        SCON
  D:0089H         PUBLIC        TMOD
  D:0088H         PUBLIC        TCON
  C:10E3H         PUBLIC        ESP8266_Init
  C:15EEH         PUBLIC        UART1_Routine
  D:0053H         PUBLIC        led_state
  C:17B4H         PUBLIC        _UART_SendByte
  D:00F0H         PUBLIC        B
  D:008EH         PUBLIC        AUXR
  C:183BH         SYMBOL        _ESP8266_SendCmd
  C:0026H         PUBLIC        _ESP8266_PublishMessage
  D:00E0H         PUBLIC        ACC
  B:00A8H.3       PUBLIC        ET1
  D:0054H         SYMBOL        g_cmd_response_ready
  D:008DH         PUBLIC        TH1
  D:008BH         PUBLIC        TL1
  B:0088H.6       PUBLIC        TR1
BL51 BANKED LINKER/LOCATER V6.22.4.0                                                  04/18/2026  15:28:01  PAGE 9


  C:0E63H         SYMBOL        _BuildMQTTConnCmd
  C:13AAH         SYMBOL        _IntToString
  D:0055H         SYMBOL        buffer_index
  C:08EBH         PUBLIC        ESP8266_SubscribeSetTopic
  C:0FB7H         SYMBOL        _BuildWiFiCmd
  D:00D0H         PUBLIC        PSW
  -------         PROC          UART_INIT
  C:17FEH         LINE#         30
  C:17FEH         LINE#         31
  C:1801H         LINE#         32
  C:1804H         LINE#         33
  C:1807H         LINE#         34
  C:180AH         LINE#         35
  C:180DH         LINE#         36
  C:1810H         LINE#         37
  C:1812H         LINE#         38
  C:1814H         LINE#         39
  C:1817H         LINE#         40
  -------         ENDPROC       UART_INIT
  -------         PROC          _UART_SENDBYTE
  D:0007H         SYMBOL        Byte
  -------         DO            
  D:0004H         SYMBOL        timeout
  -------         ENDDO         
  C:17B4H         LINE#         47
  C:17B4H         LINE#         48
  C:17B8H         LINE#         49
  C:17BAH         LINE#         50
  C:17BCH         LINE#         51
  C:17BEH         LINE#         52
  C:17CAH         LINE#         53
  C:17CCH         LINE#         54
  C:17CEH         LINE#         55
  C:17DCH         LINE#         56
  -------         ENDPROC       _UART_SENDBYTE
  -------         PROC          L?0107
  -------         ENDPROC       L?0107
  -------         PROC          _UART_SENDSTRING
  D:002AH         SYMBOL        str
  C:1732H         LINE#         61
  C:1738H         LINE#         62
  C:1744H         LINE#         63
  C:1747H         LINE#         64
  C:174EH         LINE#         65
  C:1759H         LINE#         66
  C:175BH         LINE#         67
  -------         ENDPROC       _UART_SENDSTRING
  -------         PROC          L?0108
  -------         ENDPROC       L?0108
  -------         PROC          _ESP8266_WAITRESPONSE
  D:0017H         SYMBOL        expect
  D:001AH         SYMBOL        timeout_ms
  -------         DO            
  D:001CH         SYMBOL        count
  -------         ENDDO         
  C:1671H         LINE#         75
  C:167BH         LINE#         76
BL51 BANKED LINKER/LOCATER V6.22.4.0                                                  04/18/2026  15:28:01  PAGE 10


  C:1680H         LINE#         77
  C:1682H         LINE#         79
  C:168DH         LINE#         80
  C:1691H         LINE#         81
  C:1694H         LINE#         82
  C:16ABH         LINE#         83
  C:16AEH         LINE#         84
  C:16AEH         LINE#         85
  C:16AEH         LINE#         86
  C:16B5H         LINE#         87
  C:16BDH         LINE#         88
  C:16BFH         LINE#         89
  C:16C1H         LINE#         90
  -------         ENDPROC       _ESP8266_WAITRESPONSE
  -------         PROC          _ESP8266_SENDCMD
  D:0001H         SYMBOL        cmd
  D:0012H         SYMBOL        expect
  D:0015H         SYMBOL        timeout_ms
  C:183BH         LINE#         99
  C:183BH         LINE#         100
  C:183EH         LINE#         101
  -------         ENDPROC       _ESP8266_SENDCMD
  -------         PROC          _INTTOSTRING
  D:002AH         SYMBOL        num
  D:002CH         SYMBOL        buf
  -------         DO            
  D:002FH         SYMBOL        i
  D:0030H         SYMBOL        j
  D:0003H         SYMBOL        is_negative
  D:0031H         SYMBOL        temp
  -------         ENDDO         
  C:13AAH         LINE#         110
  C:13B4H         LINE#         111
  C:13B7H         LINE#         112
  C:13B8H         LINE#         115
  C:13C1H         LINE#         116
  C:13C2H         LINE#         117
  C:13CDH         LINE#         118
  C:13CDH         LINE#         120
  C:13CDH         LINE#         121
  C:13E6H         LINE#         122
  C:13F5H         LINE#         123
  C:1402H         LINE#         125
  C:1405H         LINE#         126
  C:140FH         LINE#         127
  C:140FH         LINE#         130
  C:1419H         LINE#         131
  C:1433H         LINE#         132
  C:1437H         LINE#         133
  C:1447H         LINE#         134
  C:1449H         LINE#         135
  -------         ENDPROC       _INTTOSTRING
  -------         PROC          _BUILDWIFICMD
  D:000AH         SYMBOL        buf
  -------         DO            
  D:0007H         SYMBOL        i
  D:000DH         SYMBOL        ssid
BL51 BANKED LINKER/LOCATER V6.22.4.0                                                  04/18/2026  15:28:01  PAGE 11


  D:0010H         SYMBOL        pass
  -------         ENDDO         
  C:0FB7H         LINE#         140
  C:0FBDH         LINE#         141
  C:0FBFH         LINE#         142
  C:0FC8H         LINE#         143
  C:0FD1H         LINE#         145
  C:0FEDH         LINE#         146
  C:1008H         LINE#         147
  C:1023H         LINE#         148
  C:102BH         LINE#         149
  C:1056H         LINE#         150
  C:1082H         LINE#         151
  C:10ADH         LINE#         152
  C:10C0H         LINE#         153
  C:10DAH         LINE#         154
  -------         ENDPROC       _BUILDWIFICMD
  -------         PROC          _BUILDMQTTCONFIGCMD
  D:000AH         SYMBOL        buf
  -------         DO            
  D:0007H         SYMBOL        i
  D:000DH         SYMBOL        name
  D:0010H         SYMBOL        id
  D:0013H         SYMBOL        token
  -------         ENDDO         
  C:0C22H         LINE#         160
  C:0C28H         LINE#         161
  C:0C2AH         LINE#         162
  C:0C33H         LINE#         163
  C:0C3CH         LINE#         164
  C:0C45H         LINE#         166
  C:0C61H         LINE#         167
  C:0C7CH         LINE#         168
  C:0C97H         LINE#         169
  C:0CB2H         LINE#         170
  C:0CCDH         LINE#         171
  C:0CE8H         LINE#         172
  C:0CF9H         LINE#         173
  C:0D24H         LINE#         174
  C:0D50H         LINE#         175
  C:0D7BH         LINE#         176
  C:0DA7H         LINE#         177
  C:0DD2H         LINE#         178
  C:0DFFH         LINE#         179
  C:0E26H         LINE#         180
  C:0E40H         LINE#         181
  C:0E5AH         LINE#         182
  -------         ENDPROC       _BUILDMQTTCONFIGCMD
  -------         PROC          _BUILDMQTTCONNCMD
  D:000AH         SYMBOL        buf
  -------         DO            
  D:0007H         SYMBOL        i
  D:000DH         SYMBOL        server
  -------         ENDDO         
  C:0E63H         LINE#         188
  C:0E69H         LINE#         189
  C:0E6BH         LINE#         190
BL51 BANKED LINKER/LOCATER V6.22.4.0                                                  04/18/2026  15:28:01  PAGE 12


  C:0E74H         LINE#         192
  C:0E90H         LINE#         193
  C:0EABH         LINE#         194
  C:0EC6H         LINE#         195
  C:0EE1H         LINE#         196
  C:0EFBH         LINE#         197
  C:0F26H         LINE#         198
  C:0F46H         LINE#         199
  C:0F6DH         LINE#         200
  C:0F94H         LINE#         201
  C:0FAEH         LINE#         202
  -------         ENDPROC       _BUILDMQTTCONNCMD
  -------         PROC          ESP8266_INIT
  -------         DO            
  X:0000H         SYMBOL        cmd_buf
  D:0009H         SYMBOL        retry
  -------         ENDDO         
  C:10E3H         LINE#         209
  C:10E3H         LINE#         211
  C:10E6H         LINE#         214
  C:10EFH         LINE#         215
  C:10F6H         LINE#         218
  C:10F9H         LINE#         219
  C:1114H         LINE#         220
  C:1114H         LINE#         221
  C:1114H         LINE#         222
  C:111DH         LINE#         223
  C:1127H         LINE#         226
  C:1144H         LINE#         229
  C:1161H         LINE#         232
  C:116AH         LINE#         233
  C:116DH         LINE#         234
  C:1170H         LINE#         235
  C:117AH         LINE#         236
  C:117AH         LINE#         237
  C:117AH         LINE#         238
  C:1181H         LINE#         239
  C:118AH         LINE#         240
  C:1194H         LINE#         243
  C:119DH         LINE#         244
  C:11BAH         LINE#         247
  C:11C3H         LINE#         248
  C:11C6H         LINE#         249
  C:11C9H         LINE#         250
  C:11D3H         LINE#         251
  C:11D3H         LINE#         252
  C:11D3H         LINE#         253
  C:11DAH         LINE#         254
  C:11E3H         LINE#         256
  C:11F0H         LINE#         257
  -------         ENDPROC       ESP8266_INIT
  -------         PROC          ESP8266_SUBSCRIBESETTOPIC
  -------         DO            
  X:0000H         SYMBOL        cmd_buf
  D:0007H         SYMBOL        i
  D:0009H         SYMBOL        id
  D:000CH         SYMBOL        name
BL51 BANKED LINKER/LOCATER V6.22.4.0                                                  04/18/2026  15:28:01  PAGE 13


  -------         ENDDO         
  C:08EBH         LINE#         263
  C:08EBH         LINE#         265
  C:08EDH         LINE#         266
  C:08F6H         LINE#         267
  C:08FFH         LINE#         269
  C:092AH         LINE#         270
  C:0957H         LINE#         271
  C:0984H         LINE#         272
  C:09B1H         LINE#         273
  C:09CFH         LINE#         274
  C:09FCH         LINE#         275
  C:0A1AH         LINE#         276
  C:0A44H         LINE#         277
  C:0A54H         LINE#         278
  C:0A7EH         LINE#         279
  C:0AAEH         LINE#         280
  C:0ADEH         LINE#         281
  C:0B0EH         LINE#         282
  C:0B3EH         LINE#         283
  C:0B6EH         LINE#         284
  C:0B9EH         LINE#         285
  C:0BCEH         LINE#         286
  C:0BDEH         LINE#         287
  C:0BFEH         LINE#         288
  C:0C0AH         LINE#         290
  -------         ENDPROC       ESP8266_SUBSCRIBESETTOPIC
  -------         PROC          _ESP8266_PUBLISHMESSAGE
  D:0009H         SYMBOL        temp_x10
  D:0082H         SYMBOL        hum_x10
  -------         DO            
  X:0000H         SYMBOL        msg_buf
  D:000BH         SYMBOL        i
  D:000CH         SYMBOL        temp_buf
  D:0014H         SYMBOL        hum_buf
  D:001CH         SYMBOL        temp_len
  D:0007H         SYMBOL        hum_len
  D:0002H         SYMBOL        temp_int
  D:001DH         SYMBOL        temp_dec
  D:001FH         SYMBOL        hum_int
  D:0021H         SYMBOL        hum_dec
  D:0023H         SYMBOL        id
  D:0026H         SYMBOL        name
  -------         DO            
  D:0029H         SYMBOL        j
  D:0029H         SYMBOL        j
  -------         ENDDO         
  -------         DO            
  D:0029H         SYMBOL        j
  -------         ENDDO         
  -------         ENDDO         
  C:0026H         LINE#         298
  C:002EH         LINE#         300
  C:0031H         LINE#         304
  C:003AH         LINE#         305
  C:0043H         LINE#         308
  C:004DH         LINE#         309
BL51 BANKED LINKER/LOCATER V6.22.4.0                                                  04/18/2026  15:28:01  PAGE 14


  C:005CH         LINE#         310
  C:0070H         LINE#         313
  C:007FH         LINE#         314
  C:008EH         LINE#         315
  C:00A2H         LINE#         318
  C:00B1H         LINE#         319
  C:00BEH         LINE#         322
  C:00F1H         LINE#         323
  C:0124H         LINE#         324
  C:0157H         LINE#         325
  C:018AH         LINE#         326
  C:01ACH         LINE#         327
  C:01DFH         LINE#         328
  C:0201H         LINE#         329
  C:022CH         LINE#         330
  C:023DH         LINE#         331
  C:0268H         LINE#         332
  C:029BH         LINE#         333
  C:02CEH         LINE#         334
  C:0301H         LINE#         335
  C:0334H         LINE#         336
  C:0367H         LINE#         337
  C:039AH         LINE#         338
  C:03CDH         LINE#         339
  C:03EFH         LINE#         340
  C:0422H         LINE#         341
  C:0455H         LINE#         342
  C:0488H         LINE#         343
  C:04BBH         LINE#         344
  C:04EEH         LINE#         345
  C:0521H         LINE#         346
  C:0554H         LINE#         347
  C:0587H         LINE#         348
  C:05BAH         LINE#         349
  C:05EDH         LINE#         350
  C:0620H         LINE#         351
  C:0653H         LINE#         352
  C:0675H         LINE#         355
  C:0675H         LINE#         357
  C:069AH         LINE#         358
  C:06ABH         LINE#         359
  C:06C0H         LINE#         360
  C:06C0H         LINE#         362
  C:06F3H         LINE#         363
  C:0726H         LINE#         364
  C:0759H         LINE#         365
  C:078CH         LINE#         366
  C:07BFH         LINE#         367
  C:07E1H         LINE#         370
  C:07E1H         LINE#         372
  C:0805H         LINE#         373
  C:0816H         LINE#         374
  C:082BH         LINE#         375
  C:082BH         LINE#         377
  C:085EH         LINE#         378
  C:0891H         LINE#         379
  C:08B3H         LINE#         380
BL51 BANKED LINKER/LOCATER V6.22.4.0                                                  04/18/2026  15:28:01  PAGE 15


  C:08D5H         LINE#         381
  C:08E2H         LINE#         383
  -------         ENDPROC       _ESP8266_PUBLISHMESSAGE
  -------         PROC          _PARSE_COMMAND
  D:0001H         SYMBOL        str
  -------         DO            
  D:0001H         SYMBOL        ptr
  -------         ENDDO         
  C:1789H         LINE#         389
  C:1789H         LINE#         390
  C:1795H         LINE#         391
  C:179AH         LINE#         392
  C:17A1H         LINE#         393
  C:17A8H         LINE#         394
  C:17ABH         LINE#         395
  C:17B0H         LINE#         396
  C:17B3H         LINE#         397
  C:17B3H         LINE#         398
  C:17B3H         LINE#         399
  -------         ENDPROC       _PARSE_COMMAND
  -------         PROC          UART1_ROUTINE
  -------         DO            
  D:0007H         SYMBOL        ch
  -------         ENDDO         
  C:15EEH         LINE#         404
  C:160BH         LINE#         407
  C:160EH         LINE#         408
  C:1610H         LINE#         409
  C:1610H         LINE#         411
  C:1613H         LINE#         412
  C:1615H         LINE#         413
  C:1617H         LINE#         416
  C:161EH         LINE#         417
  C:1621H         LINE#         418
  C:1621H         LINE#         420
  C:1631H         LINE#         423
  C:1634H         LINE#         424
  C:1641H         LINE#         425
  C:1644H         LINE#         426
  C:164DH         LINE#         427
  C:1650H         LINE#         428
  C:1650H         LINE#         429
  C:1650H         LINE#         430
  -------         ENDPROC       UART1_ROUTINE
  -------         ENDMOD        UART

  -------         MODULE        ?C?CLDPTR
  C:12E4H         PUBLIC        ?C?CLDPTR
  -------         ENDMOD        ?C?CLDPTR

  -------         MODULE        ?C?CSTOPTR
  C:12FDH         PUBLIC        ?C?CSTOPTR
  -------         ENDMOD        ?C?CSTOPTR

  -------         MODULE        ?C?SIDIV
  C:131FH         PUBLIC        ?C?SIDIV
  -------         ENDMOD        ?C?SIDIV
BL51 BANKED LINKER/LOCATER V6.22.4.0                                                  04/18/2026  15:28:01  PAGE 16



  -------         MODULE        STRSTR
  D:0039H         PUBLIC        ?_strstr?BYTE
  C:156CH         PUBLIC        _strstr
  -------         ENDMOD        STRSTR

  -------         MODULE        ?C?UIDIV
  C:1355H         PUBLIC        ?C?UIDIV
  -------         ENDMOD        ?C?UIDIV

*** WARNING L15: MULTIPLE CALL TO SEGMENT
    SEGMENT: ?PR?_STRSTR?STRSTR
    CALLER1: ?C_C51STARTUP
    CALLER2: ?PR?UART1_ROUTINE?UART

*** WARNING L1: UNRESOLVED EXTERNAL SYMBOL
    SYMBOL:  OLED_INIT
    MODULE:  .\Objects\main.obj (MAIN)

*** WARNING L1: UNRESOLVED EXTERNAL SYMBOL
    SYMBOL:  _DHT11_READ
    MODULE:  .\Objects\main.obj (MAIN)

*** WARNING L1: UNRESOLVED EXTERNAL SYMBOL
    SYMBOL:  _OLED_SHOWSTRING
    MODULE:  .\Objects\main.obj (MAIN)

*** WARNING L1: UNRESOLVED EXTERNAL SYMBOL
    SYMBOL:  _OLED_SHOWINTWITHDECIMAL
    MODULE:  .\Objects\main.obj (MAIN)

*** WARNING L1: UNRESOLVED EXTERNAL SYMBOL
    SYMBOL:  ?_OLED_SHOWINTWITHDECIMAL?BYTE
    MODULE:  .\Objects\main.obj (MAIN)

*** WARNING L1: UNRESOLVED EXTERNAL SYMBOL
    SYMBOL:  OLED_CLEAR
    MODULE:  .\Objects\main.obj (MAIN)

*** WARNING L2: REFERENCE MADE TO UNRESOLVED EXTERNAL
    SYMBOL:  OLED_CLEAR
    MODULE:  .\Objects\main.obj (MAIN)
    ADDRESS: 16C5H

*** WARNING L2: REFERENCE MADE TO UNRESOLVED EXTERNAL
    SYMBOL:  _OLED_SHOWSTRING
    MODULE:  .\Objects\main.obj (MAIN)
    ADDRESS: 16D1H

*** WARNING L2: REFERENCE MADE TO UNRESOLVED EXTERNAL
    SYMBOL:  _OLED_SHOWSTRING
    MODULE:  .\Objects\main.obj (MAIN)
    ADDRESS: 16E3H

*** WARNING L2: REFERENCE MADE TO UNRESOLVED EXTERNAL
    SYMBOL:  _OLED_SHOWSTRING
    MODULE:  .\Objects\main.obj (MAIN)
BL51 BANKED LINKER/LOCATER V6.22.4.0                                                  04/18/2026  15:28:01  PAGE 17


    ADDRESS: 16F5H

*** WARNING L2: REFERENCE MADE TO UNRESOLVED EXTERNAL
    SYMBOL:  OLED_INIT
    MODULE:  .\Objects\main.obj (MAIN)
    ADDRESS: 120AH

*** WARNING L2: REFERENCE MADE TO UNRESOLVED EXTERNAL
    SYMBOL:  _OLED_SHOWSTRING
    MODULE:  .\Objects\main.obj (MAIN)
    ADDRESS: 121EH

*** WARNING L2: REFERENCE MADE TO UNRESOLVED EXTERNAL
    SYMBOL:  OLED_CLEAR
    MODULE:  .\Objects\main.obj (MAIN)
    ADDRESS: 1254H

*** WARNING L2: REFERENCE MADE TO UNRESOLVED EXTERNAL
    SYMBOL:  _OLED_SHOWSTRING
    MODULE:  .\Objects\main.obj (MAIN)
    ADDRESS: 1260H

*** WARNING L2: REFERENCE MADE TO UNRESOLVED EXTERNAL
    SYMBOL:  _OLED_SHOWSTRING
    MODULE:  .\Objects\main.obj (MAIN)
    ADDRESS: 126DH

*** WARNING L2: REFERENCE MADE TO UNRESOLVED EXTERNAL
    SYMBOL:  _DHT11_READ
    MODULE:  .\Objects\main.obj (MAIN)
    ADDRESS: 1282H

*** WARNING L2: REFERENCE MADE TO UNRESOLVED EXTERNAL
    SYMBOL:  ?_OLED_SHOWINTWITHDECIMAL?BYTE
    MODULE:  .\Objects\main.obj (MAIN)
    ADDRESS: 12ADH

*** WARNING L2: REFERENCE MADE TO UNRESOLVED EXTERNAL
    SYMBOL:  _OLED_SHOWINTWITHDECIMAL
    MODULE:  .\Objects\main.obj (MAIN)
    ADDRESS: 12B8H

*** WARNING L2: REFERENCE MADE TO UNRESOLVED EXTERNAL
    SYMBOL:  ?_OLED_SHOWINTWITHDECIMAL?BYTE
    MODULE:  .\Objects\main.obj (MAIN)
    ADDRESS: 12BBH

*** WARNING L2: REFERENCE MADE TO UNRESOLVED EXTERNAL
    SYMBOL:  _OLED_SHOWINTWITHDECIMAL
    MODULE:  .\Objects\main.obj (MAIN)
    ADDRESS: 12C6H

Program Size: data=87.0 xdata=288 code=6218
LINK/LOCATE RUN COMPLETE.  21 WARNING(S),  0 ERROR(S)
